
======================================================================
        TRAINING HIGH-QUALITY RESNET-50 TEACHER FOR CIFAR-100         
======================================================================
正在加载 CIFAR-100 数据集...
Files already downloaded and verified
Files already downloaded and verified
Loading pre-trained ResNet50...
  Epoch    |  Train Loss  |  Val Acc   | Time(s)  |     LR    
--------------------------------------------------------------
  [1/40]   |    2.4083    |   64.59    |   22.7   |  1.00e-03  ★
  [2/40]   |    1.5942    |   68.99    |   18.2   |  9.98e-04  ★
  [3/40]   |    1.3665    |   72.44    |   16.8   |  9.94e-04  ★
  [4/40]   |    1.2305    |   72.75    |   16.1   |  9.86e-04  ★
  [5/40]   |    1.1291    |   74.30    |   16.9   |  9.76e-04  ★
  [6/40]   |    1.0540    |   74.46    |   16.8   |  9.62e-04  ★
  [7/40]   |    0.9764    |   75.02    |   16.5   |  9.46e-04  ★
  [8/40]   |    0.9186    |   75.80    |   15.8   |  9.26e-04  ★
  [9/40]   |    0.8629    |   75.73    |   17.1   |  9.05e-04 
 [10/40]   |    0.8117    |   75.62    |   16.9   |  8.80e-04 
 [11/40]   |    0.7728    |   76.04    |   17.1   |  8.54e-04  ★
 [12/40]   |    0.7317    |   76.15    |   17.1   |  8.25e-04  ★
 [13/40]   |    0.6973    |   76.51    |   17.0   |  7.94e-04  ★
 [14/40]   |    0.6680    |   76.88    |   26.2   |  7.61e-04  ★
 [15/40]   |    0.6352    |   77.21    |   22.8   |  7.27e-04  ★
 [16/40]   |    0.6041    |   77.25    |   17.9   |  6.91e-04  ★
 [17/40]   |    0.5890    |   77.60    |   17.1   |  6.55e-04  ★
 [18/40]   |    0.5470    |   78.18    |   15.5   |  6.17e-04  ★
 [19/40]   |    0.5263    |   78.11    |   25.6   |  5.78e-04 
 [20/40]   |    0.5099    |   77.64    |   16.7   |  5.39e-04 
 [21/40]   |    0.5005    |   78.40    |   16.3   |  5.00e-04  ★
 [22/40]   |    0.4870    |   78.55    |   25.4   |  4.61e-04  ★
 [23/40]   |    0.4644    |   78.85    |   29.0   |  4.22e-04  ★
 [24/40]   |    0.4510    |   78.97    |   23.3   |  3.83e-04  ★
 [25/40]   |    0.4322    |   79.00    |   23.9   |  3.45e-04  ★
 [26/40]   |    0.4220    |   78.73    |   19.9   |  3.09e-04 
 [27/40]   |    0.4088    |   78.83    |   18.4   |  2.73e-04 
 [28/40]   |    0.3906    |   78.92    |   18.2   |  2.39e-04 
 [29/40]   |    0.3895    |   79.15    |   17.2   |  2.06e-04  ★
 [30/40]   |    0.3746    |   79.38    |   16.7   |  1.75e-04  ★
 [31/40]   |    0.3724    |   79.22    |   15.7   |  1.46e-04 
 [32/40]   |    0.3608    |   79.14    |   16.2   |  1.20e-04 
 [33/40]   |    0.3639    |   79.53    |   15.4   |  9.55e-05  ★
 [34/40]   |    0.3462    |   79.47    |   15.8   |  7.37e-05 
 [35/40]   |    0.3530    |   79.58    |   15.5   |  5.45e-05  ★
 [36/40]   |    0.3470    |   79.63    |   15.9   |  3.81e-05  ★
 [37/40]   |    0.3350    |   79.60    |   15.6   |  2.45e-05 
 [38/40]   |    0.3430    |   79.64    |   16.5   |  1.38e-05  ★
 [39/40]   |    0.3359    |   79.67    |   17.2   |  6.16e-06  ★
 [40/40]   |    0.3372    |   79.68    |   16.2   |  1.54e-06  ★

======================================================================
[*] Finish Time      : 2026-03-11 15:50:49
[*] Total Time       : 12m 22s
[*] Best Teacher Acc : 79.68%
[*] Saved at         : ./CIFAR100_ResNet50_Teacher.pth
======================================================================

nohup: 忽略输入
[*] Random Seed: 42 (Deterministic CUDNN: Enabled)

======================================================================
         TRAINING HIGH-QUALITY RESNET-50 TEACHER FOR CIFAR100         
======================================================================
正在加载 CIFAR100 数据集 (原生 32x32 → 模型输入 32x32)...
Files already downloaded and verified
Files already downloaded and verified
[*] Dataset   : CIFAR100 (100 classes)
Loading pre-trained ResNet50...
  Epoch    |  Train Loss  |  Val Acc   | Time(s)  |     LR    
--------------------------------------------------------------
  [1/40]   |    3.2830    |   48.03    |   25.0   |  1.00e-04  ★
  [2/40]   |    2.1236    |   60.02    |   23.6   |  9.98e-05  ★
  [3/40]   |    1.7016    |   66.38    |   23.6   |  9.94e-05  ★
  [4/40]   |    1.4681    |   69.69    |   23.8   |  9.86e-05  ★
  [5/40]   |    1.3115    |   71.03    |   23.7   |  9.76e-05  ★
  [6/40]   |    1.1961    |   73.79    |   23.9   |  9.62e-05  ★
  [7/40]   |    1.0999    |   75.04    |   23.9   |  9.46e-05  ★
  [8/40]   |    1.0277    |   75.64    |   23.9   |  9.26e-05  ★
  [9/40]   |    0.9605    |   76.67    |   23.9   |  9.05e-05  ★
 [10/40]   |    0.9026    |   76.75    |   23.7   |  8.80e-05  ★
 [11/40]   |    0.8514    |   77.92    |   23.7   |  8.54e-05  ★
 [12/40]   |    0.8004    |   78.12    |   23.9   |  8.25e-05  ★
 [13/40]   |    0.7593    |   78.58    |   23.8   |  7.94e-05  ★
 [14/40]   |    0.7285    |   78.50    |   24.0   |  7.61e-05 
 [15/40]   |    0.6879    |   79.50    |   23.8   |  7.27e-05  ★
 [16/40]   |    0.6544    |   79.66    |   23.7   |  6.91e-05  ★
 [17/40]   |    0.6247    |   79.39    |   23.9   |  6.55e-05 
 [18/40]   |    0.5898    |   79.55    |   23.9   |  6.17e-05 
 [19/40]   |    0.5648    |   80.24    |   24.0   |  5.78e-05  ★
 [20/40]   |    0.5442    |   80.14    |   23.8   |  5.39e-05 
 [21/40]   |    0.5213    |   80.35    |   23.8   |  5.00e-05  ★
 [22/40]   |    0.5059    |   81.01    |   23.8   |  4.61e-05  ★
 [23/40]   |    0.4823    |   81.20    |   23.8   |  4.22e-05  ★
 [24/40]   |    0.4604    |   80.93    |   23.9   |  3.83e-05 
 [25/40]   |    0.4553    |   81.32    |   23.8   |  3.45e-05  ★
 [26/40]   |    0.4308    |   81.46    |   24.0   |  3.09e-05  ★
 [27/40]   |    0.4089    |   81.97    |   24.1   |  2.73e-05  ★
 [28/40]   |    0.4046    |   81.79    |   23.8   |  2.39e-05 
 [29/40]   |    0.3936    |   81.72    |   23.8   |  2.06e-05 
 [30/40]   |    0.3864    |   82.10    |   23.8   |  1.75e-05  ★
 [31/40]   |    0.3720    |   82.18    |   23.8   |  1.46e-05  ★
 [32/40]   |    0.3660    |   82.00    |   23.7   |  1.20e-05 
 [33/40]   |    0.3544    |   81.98    |   24.0   |  9.55e-06 
 [34/40]   |    0.3514    |   82.34    |   23.7   |  7.37e-06  ★
 [35/40]   |    0.3515    |   82.40    |   23.8   |  5.45e-06  ★
 [36/40]   |    0.3367    |   82.42    |   23.9   |  3.81e-06  ★
 [37/40]   |    0.3430    |   82.51    |   23.9   |  2.45e-06  ★
 [38/40]   |    0.3341    |   82.56    |   23.8   |  1.38e-06  ★
 [39/40]   |    0.3323    |   82.51    |   23.8   |  6.16e-07 
 [40/40]   |    0.3321    |   82.44    |   23.8   |  1.54e-07 

======================================================================
[*] Finish Time      : 2026-03-13 17:25:55
[*] Total Time       : 16m 0s
[*] Best Teacher Acc : 82.56%
[*] Saved at         : ./teacher/CIFAR100_ResNet50_Teacher.pth
======================================================================

